// Jest Snapshot v1, https://goo.gl/fbAQLP

exports[`snapshot: transpiled first.mjs matches first.deno.js 1`] = `
"(async () => {
  const contents = await Deno.readTextFile('./file');
  console.log(contents);
})();"
`;

exports[`snapshot: transpiled first.mjs matches first.deno.js 2`] = `null`;

exports[`snapshot: transpiled fs-promises-no-option.mjs matches fs-promises-no-option.deno.js 1`] = `
"(async () => {
  await Deno.chmod('chmod', mode);
  await Deno.chown('chown', uid, gid);
  await Deno.copyFile('copyFileSrc', 'copyFileDest');
  await Deno.copyFile('copyFileSrc2', 'copyFileDest2');
  await Deno.mkdir('mkdir');
  await Deno.mkdir('mkdir2', {
    recursive: false,
    mode: 0o744
  });
  await fs.promises.mkdtemp('mkdirtemp');
  await fs.promises.mkdtemp('mkdirtemp2', {
    encoding: 'utf8'
  });
  await fs.promises.open(path, flags);
})();"
`;

exports[`snapshot: transpiled fs-promises-no-option.mjs matches fs-promises-no-option.deno.js 2`] = `null`;
