// Jest Snapshot v1, https://goo.gl/fbAQLP

exports[`first test 1`] = `
"(async () => {
  const contents = await Deno.readTextFile('./file', {
    encoding: 'utf8'
  });
  console.log(contents);
})();"
`;

exports[`first test 2`] = `null`;
